2026-09-29T06:56:27.653Z INFO Is remote: false
2026-09-29T06:56:27.656Z INFO Starting Local. Installation path: c:\Users\ShErLocK\Documents\redis-cluster-playground\rate_limitor_code
2026-09-29T06:56:27.657Z INFO [MainProvider] Creating new MainProvider instance...
2026-09-29T06:56:27.658Z INFO [TabsManager] Code view listener set up at initialization
2026-09-29T06:56:27.660Z INFO Installation path exists: c:\Users\ShErLocK\Documents\redis-cluster-playground\rate_limitor_code
2026-09-29T06:56:27.661Z INFO Initializing database with URL: file:c:\Users\ShErLocK\Documents\redis-cluster-playground\rate_limitor_code\pythagora-core\data\database\pythagora.db
2026-09-29T06:56:27.666Z INFO Database file exists, skipping prisma generate/push for faster startup
2026-09-29T06:56:27.667Z INFO Database initialized successfully
2026-09-29T06:56:27.669Z INFO [Migration] Checking for database migration...
2026-09-29T06:56:27.729Z INFO [Migration] No migration needed
2026-09-29T06:56:38.151Z INFO [TabsManager] First file opened, triggering split view
2026-09-29T06:56:38.152Z INFO [MainProvider] First file opened, creating split view
2026-09-29T06:56:46.847Z INFO Closing entire Pythagora extension...
2026-09-29T06:56:46.856Z ERROR Error closing extension
Error: Canceled
Stack: Canceled: Canceled
	at new gS (file:///c:/Users/ShErLocK/AppData/Local/Programs/Microsoft%20VS%20Code/04c0d99f4f/resources/app/out/vs/workbench/api/node/extensionHostProcess.js:32:153524)
	at i._remoteCall (file:///c:/Users/ShErLocK/AppData/Local/Programs/Microsoft%20VS%20Code/04c0d99f4f/resources/app/out/vs/workbench/api/node/extensionHostProcess.js:32:159608)
	at r.<computed>.s.charCodeAt.r.<computed> (file:///c:/Users/ShErLocK/AppData/Local/Programs/Microsoft%20VS%20Code/04c0d99f4f/resources/app/out/vs/workbench/api/node/extensionHostProcess.js:32:156361)
	at bf._doExecuteCommand (file:///c:/Users/ShErLocK/AppData/Local/Programs/Microsoft%20VS%20Code/04c0d99f4f/resources/app/out/vs/workbench/api/node/extensionHostProcess.js:164:48319)
	at bf.executeCommand (file:///c:/Users/ShErLocK/AppData/Local/Programs/Microsoft%20VS%20Code/04c0d99f4f/resources/app/out/vs/workbench/api/node/extensionHostProcess.js:164:47766)
	at Object.executeCommand (file:///c:/Users/ShErLocK/AppData/Local/Programs/Microsoft%20VS%20Code/04c0d99f4f/resources/app/out/vs/workbench/api/node/extensionHostProcess.js:294:139323)
	at closeEntirePythagoraExtension (c:\Users\ShErLocK\.vscode\extensions\pythagoratechnologies.pythagora-vs-code-2.6.19\out\extension.js:542:31)
	at Object.deactivate (c:\Users\ShErLocK\.vscode\extensions\pythagoratechnologies.pythagora-vs-code-2.6.19\out\extension.js:409:15)
	at t_._deactivate (file:///c:/Users/ShErLocK/AppData/Local/Programs/Microsoft%20VS%20Code/04c0d99f4f/resources/app/out/vs/workbench/api/node/extensionHostProcess.js:168:14629)
	at file:///c:/Users/ShErLocK/AppData/Local/Programs/Microsoft%20VS%20Code/04c0d99f4f/resources/app/out/vs/workbench/api/node/extensionHostProcess.js:168:12156
	at Array.map (<anonymous>)
	at t_._deactivateAll (file:///c:/Users/ShErLocK/AppData/Local/Programs/Microsoft%20VS%20Code/04c0d99f4f/resources/app/out/vs/workbench/api/node/extensionHostProcess.js:168:12144)
	at t_.terminate (file:///c:/Users/ShErLocK/AppData/Local/Programs/Microsoft%20VS%20Code/04c0d99f4f/resources/app/out/vs/workbench/api/node/extensionHostProcess.js:168:12495)
	at i.terminate (file:///c:/Users/ShErLocK/AppData/Local/Programs/Microsoft%20VS%20Code/04c0d99f4f/resources/app/out/vs/workbench/api/node/extensionHostProcess.js:170:1072)
	at ya (file:///c:/Users/ShErLocK/AppData/Local/Programs/Microsoft%20VS%20Code/04c0d99f4f/resources/app/out/vs/workbench/api/node/extensionHostProcess.js:473:11797)
	at $p.value (file:///c:/Users/ShErLocK/AppData/Local/Programs/Microsoft%20VS%20Code/04c0d99f4f/resources/app/out/vs/workbench/api/node/extensionHostProcess.js:473:9939)
	at T._deliver (file:///c:/Users/ShErLocK/AppData/Local/Programs/Microsoft%20VS%20Code/04c0d99f4f/resources/app/out/vs/workbench/api/node/extensionHostProcess.js:28:3617)
	at T.fire (file:///c:/Users/ShErLocK/AppData/Local/Programs/Microsoft%20VS%20Code/04c0d99f4f/resources/app/out/vs/workbench/api/node/extensionHostProcess.js:28:3935)
	at ws.fire (file:///c:/Users/ShErLocK/AppData/Local/Programs/Microsoft%20VS%20Code/04c0d99f4f/resources/app/out/vs/workbench/api/node/extensionHostProcess.js:30:8627)
	at MessagePortMain.<anonymous> (file:///c:/Users/ShErLocK/AppData/Local/Programs/Microsoft%20VS%20Code/04c0d99f4f/resources/app/out/vs/workbench/api/node/extensionHostProcess.js:473:8171)
	at MessagePortMain.emit (node:events:514:28)
	at MessagePortMain.emit (node:domain:489:12)
	at Object.emit (node:electron/js2c/utility_init:2:2934)
Extra context: {
  "message": "Canceled"
}
2026-09-29T06:59:09.881Z INFO Is remote: false
2026-09-29T06:59:09.882Z INFO Starting Local. Installation path: c:\Users\ShErLocK\Documents\redis-cluster-playground\rate_limitor_code
2026-09-29T06:59:09.883Z INFO [MainProvider] Creating new MainProvider instance...
2026-09-29T06:59:09.883Z INFO [TabsManager] Code view listener set up at initialization
2026-09-29T06:59:09.884Z INFO Installation path exists: c:\Users\ShErLocK\Documents\redis-cluster-playground\rate_limitor_code
2026-09-29T06:59:09.885Z INFO Initializing database with URL: file:c:\Users\ShErLocK\Documents\redis-cluster-playground\rate_limitor_code\pythagora-core\data\database\pythagora.db
2026-09-29T06:59:09.888Z INFO Database file exists, skipping prisma generate/push for faster startup
2026-09-29T06:59:09.888Z INFO Database initialized successfully
2026-09-29T06:59:09.889Z INFO [Migration] Checking for database migration...
2026-09-29T06:59:09.927Z INFO [Migration] No migration needed
